#0
FLAG 00 00 00 00
EXE 00 00 00 00
PC 00 00 00 00
ALUM 00 00 00 00
ALUA 00 00 00 00
ALUB 00 00 00 00
ALUR 00 00 00 00
FPUM 00 00 00 00
FPUA 00 00 00 00
FPUB 00 00 00 00
FPUR 00 00 00 00
RBASE 00 00 00 00
ROFST 00 00 00 00
WBASE 00 00 00 00
WOFST 00 00 00 00
GPA 00 00 00 00
GPB 00 00 00 00
GPC 00 00 00 00
GPD 00 00 00 00
GPE 00 00 00 00
GPF 00 00 00 00
GPG 00 00 00 00
GPH 00 00 00 00
COMPA 00 00 00 00
COMPB 00 00 00 00
LINK 00 00 00 00
SKIP 00 00 00 04
RTRN 00 00 00 06

#1
FLAG 00 00 00 00
EXE 00 00 00 00
PC 00 00 00 02
ALUM 00 00 00 00
ALUA 00 00 00 00
ALUB 00 00 00 00
ALUR 00 00 00 00
FPUM 00 00 00 00
FPUA 00 00 00 00
FPUB 00 00 00 00
FPUR 00 00 00 00
RBASE 00 00 00 00
ROFST 00 00 00 00
WBASE 00 00 00 00
WOFST 00 00 00 00
GPA 00 00 00 00
GPB 00 00 00 00
GPC 00 00 00 00
GPD 00 00 00 00
GPE 00 00 00 00
GPF 00 00 00 00
GPG 00 00 00 00
GPH 00 00 00 00
COMPA 00 00 00 00
COMPB 00 00 00 00
LINK 00 00 00 00
SKIP 00 00 00 06
RTRN 00 00 00 08

#2
FLAG 00 00 00 00
EXE 00 00 00 00
PC 00 00 00 04
ALUM 00 00 00 00
ALUA 00 00 00 00
ALUB 00 00 00 00
ALUR 00 00 00 00
FPUM 00 00 00 00
FPUA 00 00 00 00
FPUB 00 00 00 00
FPUR 00 00 00 00
RBASE 00 00 00 00
ROFST 00 00 00 00
WBASE 00 00 00 00
WOFST 00 00 00 00
GPA 00 00 00 00
GPB 00 00 00 00
GPC 00 00 00 00
GPD 00 00 00 00
GPE 00 00 00 00
GPF 00 00 00 00
GPG 00 00 00 00
GPH 00 00 00 00
COMPA 00 00 00 00
COMPB 00 00 00 00
LINK 00 00 00 00
SKIP 00 00 00 08
RTRN 00 00 00 0A

#3
FLAG 00 00 00 00
EXE 00 00 00 00
PC 00 00 00 06
ALUM 00 00 00 00
ALUA 00 00 00 00
ALUB 00 00 00 00
ALUR 00 00 00 00
FPUM 00 00 00 00
FPUA 00 00 00 00
FPUB 00 00 00 00
FPUR 00 00 00 00
RBASE 00 00 00 00
ROFST 00 00 00 00
WBASE 00 00 00 00
WOFST 00 00 00 00
GPA 00 00 00 00
GPB 00 00 00 00
GPC 00 00 00 00
GPD 00 00 00 00
GPE 00 00 00 00
GPF 00 00 00 00
GPG 00 00 00 00
GPH 00 00 00 00
COMPA 00 00 00 00
COMPB 00 00 00 00
LINK 00 00 00 00
SKIP 00 00 00 0A
RTRN 00 00 00 0C

#4
FLAG 00 00 00 00
EXE 00 00 00 00
PC 00 00 00 08
ALUM 00 00 00 00
ALUA 00 00 00 00
ALUB 00 00 00 00
ALUR 00 00 00 00
FPUM 00 00 00 00
FPUA 00 00 00 00
FPUB 00 00 00 00
FPUR 00 00 00 00
RBASE 00 00 00 00
ROFST 00 00 00 00
WBASE 00 00 10 00
WOFST 00 00 00 00
GPA 00 00 00 00
GPB 00 00 00 00
GPC 00 00 00 00
GPD 00 00 00 00
GPE 00 00 00 00
GPF 00 00 00 00
GPG 00 00 00 00
GPH 00 00 00 00
COMPA 00 00 00 00
COMPB 00 00 00 00
LINK 00 00 00 00
SKIP 00 00 00 0C
RTRN 00 00 00 0E

#5
FLAG 00 00 00 00
EXE 00 00 00 00
PC 00 00 00 0E
ALUM 00 00 00 00
ALUA 00 00 00 00
ALUB 00 00 00 00
ALUR 00 00 00 00
FPUM 00 00 00 00
FPUA 00 00 00 00
FPUB 00 00 00 00
FPUR 00 00 00 00
RBASE 00 00 00 00
ROFST 00 00 00 00
WBASE 00 00 10 00
WOFST 00 00 00 00
GPA 00 00 00 00
GPB 00 00 00 00
GPC 00 00 00 00
GPD 00 00 00 00
GPE 00 00 00 00
GPF 00 00 00 00
GPG 00 00 00 00
GPH 00 00 00 00
COMPA 00 00 00 00
COMPB 00 00 00 00
LINK 00 00 00 00
SKIP 00 00 00 0E
RTRN 00 00 00 10

#6
FLAG 00 00 00 00
EXE 00 00 00 00
PC 00 00 00 10
ALUM 00 00 00 00
ALUA 00 00 00 00
ALUB 00 00 00 00
ALUR 00 00 00 00
FPUM 00 00 00 00
FPUA 00 00 00 00
FPUB 00 00 00 00
FPUR 00 00 00 00
RBASE 00 00 00 00
ROFST 00 00 00 00
WBASE 00 00 10 00
WOFST 00 00 00 00
GPA 00 00 00 00
GPB 00 00 00 00
GPC 00 00 00 00
GPD 00 00 00 00
GPE 00 00 00 00
GPF 00 00 00 00
GPG 00 00 00 00
GPH 00 00 00 00
COMPA 00 00 00 00
COMPB 00 00 00 00
LINK 00 00 00 00
SKIP 00 00 00 14
RTRN 00 00 00 16

#7
FLAG 00 00 00 00
EXE 00 00 00 00
PC 00 00 00 16
ALUM 00 00 00 00
ALUA 00 00 00 00
ALUB 00 00 00 00
ALUR 00 00 00 00
FPUM 00 00 00 00
FPUA 00 00 00 00
FPUB 00 00 00 00
FPUR 00 00 00 00
RBASE 00 00 00 00
ROFST 00 00 00 00
WBASE 00 00 10 00
WOFST 00 00 00 00
GPA 00 00 00 00
GPB 00 00 00 00
GPC 00 00 00 00
GPD 00 00 00 00
GPE 00 00 00 00
GPF 00 00 00 00
GPG 00 00 00 00
GPH 00 00 00 00
COMPA 00 00 00 00
COMPB 00 00 00 00
LINK 00 00 00 00
SKIP 00 00 00 16
RTRN 00 00 00 18

#8
FLAG 00 00 00 00
EXE 00 00 00 00
PC 00 00 00 18
ALUM 00 00 00 00
ALUA 00 00 00 00
ALUB 00 00 00 00
ALUR 00 00 00 00
FPUM 00 00 00 00
FPUA 00 00 00 00
FPUB 00 00 00 00
FPUR 00 00 00 00
RBASE 00 00 00 00
ROFST 00 00 00 00
WBASE 00 00 20 00
WOFST 00 00 00 00
GPA 00 00 00 00
GPB 00 00 00 00
GPC 00 00 00 00
GPD 00 00 00 00
GPE 00 00 00 00
GPF 00 00 00 00
GPG 00 00 00 00
GPH 00 00 00 00
COMPA 00 00 00 00
COMPB 00 00 00 00
LINK 00 00 00 00
SKIP 00 00 00 1C
RTRN 00 00 00 1E

#9
FLAG 00 00 00 00
EXE 00 00 00 00
PC 00 00 00 1E
ALUM 00 00 00 00
ALUA 00 00 00 00
ALUB 00 00 00 00
ALUR 00 00 00 00
FPUM 00 00 00 00
FPUA 00 00 00 00
FPUB 00 00 00 00
FPUR 00 00 00 00
RBASE 00 00 00 00
ROFST 00 00 00 00
WBASE 00 00 20 00
WOFST 00 00 00 00
GPA 00 00 00 00
GPB 00 00 00 00
GPC 00 00 00 00
GPD 00 00 00 00
GPE 00 00 00 00
GPF 00 00 00 00
GPG 00 00 00 00
GPH 00 00 00 00
COMPA 00 00 00 00
COMPB 00 00 00 00
LINK 00 00 00 00
SKIP 00 00 00 1E
RTRN 00 00 00 20

#10
FLAG 00 00 00 00
EXE 00 00 00 00
PC 00 00 00 20
ALUM 00 00 00 00
ALUA 00 00 00 00
ALUB 00 00 00 00
ALUR 00 00 00 00
FPUM 00 00 00 00
FPUA 00 00 00 00
FPUB 00 00 00 00
FPUR 00 00 00 00
RBASE 00 00 00 00
ROFST 00 00 00 00
WBASE 00 00 20 00
WOFST 00 00 00 00
GPA 00 00 00 00
GPB 00 00 00 00
GPC 00 00 00 00
GPD 00 00 00 00
GPE 00 00 00 00
GPF 00 00 00 00
GPG 00 00 00 00
GPH 00 00 00 00
COMPA 00 00 00 00
COMPB 00 00 00 00
LINK 00 00 00 00
SKIP 00 00 00 24
RTRN 00 00 00 26

#11
FLAG 00 00 00 00
EXE 00 00 00 00
PC 00 00 00 26
ALUM 00 00 00 00
ALUA 00 00 00 00
ALUB 00 00 00 00
ALUR 00 00 00 00
FPUM 00 00 00 00
FPUA 00 00 00 00
FPUB 00 00 00 00
FPUR 00 00 00 00
RBASE 00 00 00 00
ROFST 00 00 00 00
WBASE 00 00 20 00
WOFST 00 00 00 00
GPA 00 00 00 00
GPB 00 00 00 00
GPC 00 00 00 00
GPD 00 00 00 00
GPE 00 00 00 00
GPF 00 00 00 00
GPG 00 00 00 00
GPH 00 00 00 00
COMPA 00 00 00 00
COMPB 00 00 00 00
LINK 00 00 00 00
SKIP 00 00 00 26
RTRN 00 00 00 28

#12
FLAG 00 00 00 00
EXE 00 00 00 00
PC 00 00 00 28
ALUM 00 00 00 00
ALUA 00 00 00 00
ALUB 00 00 00 00
ALUR 00 00 00 00
FPUM 00 00 00 00
FPUA 00 00 00 00
FPUB 00 00 00 00
FPUR 00 00 00 00
RBASE 00 00 00 00
ROFST 00 00 00 00
WBASE 00 00 20 00
WOFST 00 00 00 04
GPA 00 00 00 00
GPB 00 00 00 00
GPC 00 00 00 00
GPD 00 00 00 00
GPE 00 00 00 00
GPF 00 00 00 00
GPG 00 00 00 00
GPH 00 00 00 00
COMPA 00 00 00 00
COMPB 00 00 00 00
LINK 00 00 00 00
SKIP 00 00 00 2C
RTRN 00 00 00 2E

#13
FLAG 00 00 00 00
EXE 00 00 00 00
PC 00 00 00 2A
ALUM 00 00 00 00
ALUA 00 00 00 00
ALUB 00 00 00 00
ALUR 00 00 00 00
FPUM 00 00 00 00
FPUA 00 00 00 00
FPUB 00 00 00 00
FPUR 00 00 00 00
RBASE 00 00 00 00
ROFST 00 00 00 00
WBASE 00 00 20 00
WOFST 00 00 00 04
GPA 00 00 00 00
GPB 00 00 00 00
GPC 00 00 00 00
GPD 00 00 00 00
GPE 00 00 00 00
GPF 00 00 00 00
GPG 00 00 00 00
GPH 00 00 00 00
COMPA 00 00 00 00
COMPB 00 00 00 00
LINK 00 00 00 00
SKIP 00 00 00 2E
RTRN 00 00 00 30

#14
FLAG 00 00 00 00
EXE 00 00 00 00
PC 00 00 00 30
ALUM 00 00 00 00
ALUA 00 00 00 00
ALUB 00 00 00 00
ALUR 00 00 00 00
FPUM 00 00 00 00
FPUA 00 00 00 00
FPUB 00 00 00 00
FPUR 00 00 00 00
RBASE 00 00 00 00
ROFST 00 00 00 00
WBASE 00 00 20 00
WOFST 00 00 00 04
GPA 00 00 00 00
GPB 00 00 00 00
GPC 00 00 00 00
GPD 00 00 00 00
GPE 00 00 00 00
GPF 00 00 00 00
GPG 00 00 00 00
GPH 00 00 00 00
COMPA 00 00 00 00
COMPB 00 00 00 00
LINK 00 00 00 00
SKIP 00 00 00 30
RTRN 00 00 00 32

#15
FLAG 00 00 00 00
EXE 00 00 00 00
PC 00 00 00 32
ALUM 00 00 00 00
ALUA 00 00 00 00
ALUB 00 00 00 00
ALUR 00 00 00 00
FPUM 00 00 00 00
FPUA 00 00 00 00
FPUB 00 00 00 00
FPUR 00 00 00 00
RBASE 00 00 00 00
ROFST 00 00 00 00
WBASE 00 00 20 00
WOFST 00 00 00 00
GPA 00 00 00 00
GPB 00 00 00 00
GPC 00 00 00 00
GPD 00 00 00 00
GPE 00 00 00 00
GPF 00 00 00 00
GPG 00 00 00 00
GPH 00 00 00 00
COMPA 00 00 00 00
COMPB 00 00 00 00
LINK 00 00 00 00
SKIP 00 00 00 36
RTRN 00 00 00 38

#16
FLAG 00 00 00 00
EXE 00 00 00 00
PC 00 00 00 34
ALUM 00 00 00 00
ALUA 00 00 00 00
ALUB 00 00 00 00
ALUR 00 00 00 00
FPUM 00 00 00 00
FPUA 00 00 00 00
FPUB 00 00 00 00
FPUR 00 00 00 00
RBASE 00 00 00 00
ROFST 00 00 00 00
WBASE 00 00 50 00
WOFST 00 00 00 00
GPA 00 00 00 00
GPB 00 00 00 00
GPC 00 00 00 00
GPD 00 00 00 00
GPE 00 00 00 00
GPF 00 00 00 00
GPG 00 00 00 00
GPH 00 00 00 00
COMPA 00 00 00 00
COMPB 00 00 00 00
LINK 00 00 00 00
SKIP 00 00 00 38
RTRN 00 00 00 3A

#17
FLAG 00 00 00 00
EXE 00 00 00 00
PC 00 00 00 3A
ALUM 00 00 00 00
ALUA 00 00 00 00
ALUB 00 00 00 00
ALUR 00 00 00 00
FPUM 00 00 00 00
FPUA 00 00 00 00
FPUB 00 00 00 00
FPUR 00 00 00 00
RBASE 00 00 00 00
ROFST 00 00 00 00
WBASE 00 00 50 00
WOFST 00 00 00 00
GPA 00 00 00 00
GPB 00 00 00 00
GPC 00 00 00 00
GPD 00 00 00 00
GPE 00 00 00 00
GPF 00 00 00 00
GPG 00 00 00 00
GPH 00 00 00 00
COMPA 00 00 00 00
COMPB 00 00 00 00
LINK 00 00 00 00
SKIP 00 00 00 3A
RTRN 00 00 00 3C

#18
FLAG 00 00 00 00
EXE 00 00 00 00
PC 00 00 00 3C
ALUM 00 00 00 00
ALUA 00 00 00 00
ALUB 00 00 00 00
ALUR 00 00 00 00
FPUM 00 00 00 00
FPUA 00 00 00 00
FPUB 00 00 00 00
FPUR 00 00 00 00
RBASE 00 00 00 00
ROFST 00 00 00 00
WBASE 00 00 50 00
WOFST 00 00 00 00
GPA 00 00 00 00
GPB 00 00 00 00
GPC 00 00 00 00
GPD 00 00 00 00
GPE 00 00 00 00
GPF 00 00 00 00
GPG 00 00 00 00
GPH 00 00 00 00
COMPA 00 00 00 00
COMPB 00 00 00 00
LINK 00 00 00 00
SKIP 00 00 00 40
RTRN 00 00 00 42

#19
FLAG 00 00 00 00
EXE 00 00 00 00
PC 00 00 00 42
ALUM 00 00 00 00
ALUA 00 00 00 00
ALUB 00 00 00 00
ALUR 00 00 00 00
FPUM 00 00 00 00
FPUA 00 00 00 00
FPUB 00 00 00 00
FPUR 00 00 00 00
RBASE 00 00 00 00
ROFST 00 00 00 00
WBASE 00 00 50 00
WOFST 00 00 00 00
GPA 00 00 00 00
GPB 00 00 00 00
GPC 00 00 00 00
GPD 00 00 00 00
GPE 00 00 00 00
GPF 00 00 00 00
GPG 00 00 00 00
GPH 00 00 00 00
COMPA 00 00 00 00
COMPB 00 00 00 00
LINK 00 00 00 00
SKIP 00 00 00 42
RTRN 00 00 00 44

#20
FLAG 00 00 00 00
EXE 00 00 00 00
PC 00 00 00 44
ALUM 00 00 00 00
ALUA 00 00 00 00
ALUB 00 00 00 00
ALUR 00 00 00 00
FPUM 00 00 00 00
FPUA 00 00 00 00
FPUB 00 00 00 00
FPUR 00 00 00 00
RBASE 00 00 00 00
ROFST 00 00 00 00
WBASE 00 00 60 00
WOFST 00 00 00 00
GPA 00 00 00 00
GPB 00 00 00 00
GPC 00 00 00 00
GPD 00 00 00 00
GPE 00 00 00 00
GPF 00 00 00 00
GPG 00 00 00 00
GPH 00 00 00 00
COMPA 00 00 00 00
COMPB 00 00 00 00
LINK 00 00 00 00
SKIP 00 00 00 48
RTRN 00 00 00 4A

#21
FLAG 00 00 00 00
EXE 00 00 00 00
PC 00 00 00 4A
ALUM 00 00 00 00
ALUA 00 00 00 00
ALUB 00 00 00 00
ALUR 00 00 00 00
FPUM 00 00 00 00
FPUA 00 00 00 00
FPUB 00 00 00 00
FPUR 00 00 00 00
RBASE 00 00 00 00
ROFST 00 00 00 00
WBASE 00 00 60 00
WOFST 00 00 00 00
GPA 00 00 00 00
GPB 00 00 00 00
GPC 00 00 00 00
GPD 00 00 00 00
GPE 00 00 00 00
GPF 00 00 00 00
GPG 00 00 00 00
GPH 00 00 00 00
COMPA 00 00 00 00
COMPB 00 00 00 00
LINK 00 00 00 00
SKIP 00 00 00 4A
RTRN 00 00 00 4C

#22
FLAG 00 00 00 00
EXE 00 00 00 00
PC 00 00 00 4C
ALUM 00 00 00 00
ALUA 00 00 00 00
ALUB 00 00 00 00
ALUR 00 00 00 00
FPUM 00 00 00 00
FPUA 00 00 00 00
FPUB 00 00 00 00
FPUR 00 00 00 00
RBASE 00 00 00 00
ROFST 00 00 00 00
WBASE 00 00 60 00
WOFST 00 00 00 00
GPA 00 00 00 00
GPB 00 00 00 00
GPC 00 00 00 00
GPD 00 00 00 00
GPE 00 00 00 00
GPF 00 00 00 00
GPG 00 00 00 00
GPH 00 00 00 00
COMPA 00 00 00 00
COMPB 00 00 00 00
LINK 00 00 00 00
SKIP 00 00 00 50
RTRN 00 00 00 52

#23
FLAG 00 00 00 00
EXE 00 00 00 00
PC 00 00 00 52
ALUM 00 00 00 00
ALUA 00 00 00 00
ALUB 00 00 00 00
ALUR 00 00 00 00
FPUM 00 00 00 00
FPUA 00 00 00 00
FPUB 00 00 00 00
FPUR 00 00 00 00
RBASE 00 00 00 00
ROFST 00 00 00 00
WBASE 00 00 60 00
WOFST 00 00 00 00
GPA 00 00 00 00
GPB 00 00 00 00
GPC 00 00 00 00
GPD 00 00 00 00
GPE 00 00 00 00
GPF 00 00 00 00
GPG 00 00 00 00
GPH 00 00 00 00
COMPA 00 00 00 00
COMPB 00 00 00 00
LINK 00 00 00 00
SKIP 00 00 00 52
RTRN 00 00 00 54

#24
FLAG 00 00 00 00
EXE 00 00 00 00
PC 00 00 00 54
ALUM 00 00 00 00
ALUA 00 00 00 00
ALUB 00 00 00 00
ALUR 00 00 00 00
FPUM 00 00 00 00
FPUA 00 00 00 00
FPUB 00 00 00 00
FPUR 00 00 00 00
RBASE 00 00 00 00
ROFST 00 00 00 00
WBASE 00 00 60 00
WOFST 00 00 00 04
GPA 00 00 00 00
GPB 00 00 00 00
GPC 00 00 00 00
GPD 00 00 00 00
GPE 00 00 00 00
GPF 00 00 00 00
GPG 00 00 00 00
GPH 00 00 00 00
COMPA 00 00 00 00
COMPB 00 00 00 00
LINK 00 00 00 00
SKIP 00 00 00 58
RTRN 00 00 00 5A

#25
FLAG 00 00 00 00
EXE 00 00 00 00
PC 00 00 00 56
ALUM 00 00 00 00
ALUA 00 00 00 00
ALUB 00 00 00 00
ALUR 00 00 00 00
FPUM 00 00 00 00
FPUA 00 00 00 00
FPUB 00 00 00 00
FPUR 00 00 00 00
RBASE 00 00 00 00
ROFST 00 00 00 00
WBASE 00 00 60 00
WOFST 00 00 00 04
GPA 00 00 00 00
GPB 00 00 00 00
GPC 00 00 00 00
GPD 00 00 00 00
GPE 00 00 00 00
GPF 00 00 00 00
GPG 00 00 00 00
GPH 00 00 00 00
COMPA 00 00 00 00
COMPB 00 00 00 00
LINK 00 00 00 00
SKIP 00 00 00 5A
RTRN 00 00 00 5C

#26
FLAG 00 00 00 00
EXE 00 00 00 00
PC 00 00 00 5C
ALUM 00 00 00 00
ALUA 00 00 00 00
ALUB 00 00 00 00
ALUR 00 00 00 00
FPUM 00 00 00 00
FPUA 00 00 00 00
FPUB 00 00 00 00
FPUR 00 00 00 00
RBASE 00 00 00 00
ROFST 00 00 00 00
WBASE 00 00 60 00
WOFST 00 00 00 04
GPA 00 00 00 00
GPB 00 00 00 00
GPC 00 00 00 00
GPD 00 00 00 00
GPE 00 00 00 00
GPF 00 00 00 00
GPG 00 00 00 00
GPH 00 00 00 00
COMPA 00 00 00 00
COMPB 00 00 00 00
LINK 00 00 00 00
SKIP 00 00 00 5C
RTRN 00 00 00 5E

#27
FLAG 00 00 00 00
EXE 00 00 00 00
PC 00 00 00 5E
ALUM 00 00 00 00
ALUA 00 00 00 00
ALUB 00 00 00 00
ALUR 00 00 00 00
FPUM 00 00 00 00
FPUA 00 00 00 00
FPUB 00 00 00 00
FPUR 00 00 00 00
RBASE 00 00 00 00
ROFST 00 00 00 00
WBASE FF 00 00 24
WOFST 00 00 00 04
GPA 00 00 00 00
GPB 00 00 00 00
GPC 00 00 00 00
GPD 00 00 00 00
GPE 00 00 00 00
GPF 00 00 00 00
GPG 00 00 00 00
GPH 00 00 00 00
COMPA 00 00 00 00
COMPB 00 00 00 00
LINK 00 00 00 00
SKIP 00 00 00 62
RTRN 00 00 00 64

#28
FLAG 00 00 00 00
EXE 00 00 00 00
PC 00 00 00 64
ALUM 00 00 00 00
ALUA 00 00 00 00
ALUB 00 00 00 00
ALUR 00 00 00 00
FPUM 00 00 00 00
FPUA 00 00 00 00
FPUB 00 00 00 00
FPUR 00 00 00 00
RBASE 00 00 00 00
ROFST 00 00 00 00
WBASE FF 00 00 24
WOFST 00 00 00 04
GPA 00 00 00 00
GPB 00 00 00 00
GPC 00 00 00 00
GPD 00 00 00 00
GPE 00 00 00 00
GPF 00 00 00 00
GPG 00 00 00 00
GPH 00 00 00 00
COMPA 00 00 00 00
COMPB 00 00 00 00
LINK 00 00 00 00
SKIP 00 00 00 64
RTRN 00 00 00 66

#29
FLAG 00 00 00 00
EXE 00 00 00 00
PC 00 00 00 66
ALUM 00 00 00 00
ALUA 00 00 00 00
ALUB 00 00 00 00
ALUR 00 00 00 00
FPUM 00 00 00 00
FPUA 00 00 00 00
FPUB 00 00 00 00
FPUR 00 00 00 00
RBASE 00 00 00 00
ROFST 00 00 00 00
WBASE FF 00 00 24
WOFST 00 00 00 00
GPA 00 00 00 00
GPB 00 00 00 00
GPC 00 00 00 00
GPD 00 00 00 00
GPE 00 00 00 00
GPF 00 00 00 00
GPG 00 00 00 00
GPH 00 00 00 00
COMPA 00 00 00 00
COMPB 00 00 00 00
LINK 00 00 00 00
SKIP 00 00 00 6A
RTRN 00 00 00 6C

#30
FLAG 00 00 00 00
EXE 00 00 00 00
PC 00 00 00 68
ALUM 00 00 00 00
ALUA 00 00 00 00
ALUB 00 00 00 00
ALUR 00 00 00 00
FPUM 00 00 00 00
FPUA 00 00 00 00
FPUB 00 00 00 00
FPUR 00 00 00 00
RBASE 00 00 00 00
ROFST 00 00 00 00
WBASE FF 00 00 24
WOFST 00 00 00 00
GPA 00 00 00 00
GPB 00 00 00 00
GPC 00 00 00 00
GPD 00 00 00 00
GPE 00 00 00 00
GPF 00 00 00 00
GPG 00 00 00 00
GPH 00 00 00 00
COMPA 00 00 00 00
COMPB 00 00 00 00
LINK 00 00 00 00
SKIP 00 00 00 6C
RTRN 00 00 00 6E

#31
FLAG 00 00 00 00
EXE 00 00 00 00
PC 00 00 00 6A
ALUM 00 00 00 00
ALUA 00 00 00 00
ALUB 00 00 00 00
ALUR 00 00 00 00
FPUM 00 00 00 00
FPUA 00 00 00 00
FPUB 00 00 00 00
FPUR 00 00 00 00
RBASE 00 00 00 00
ROFST 00 00 00 00
WBASE FF 00 00 24
WOFST 00 00 00 04
GPA 00 00 00 00
GPB 00 00 00 00
GPC 00 00 00 00
GPD 00 00 00 00
GPE 00 00 00 00
GPF 00 00 00 00
GPG 00 00 00 00
GPH 00 00 00 00
COMPA 00 00 00 00
COMPB 00 00 00 00
LINK 00 00 00 00
SKIP 00 00 00 6E
RTRN 00 00 00 70

#32
FLAG 00 00 00 00
EXE 00 00 00 00
PC 00 00 00 6C
ALUM 00 00 00 00
ALUA 00 00 00 00
ALUB 00 00 00 00
ALUR 00 00 00 00
FPUM 00 00 00 00
FPUA 00 00 00 00
FPUB 00 00 00 00
FPUR 00 00 00 00
RBASE 00 00 00 00
ROFST 00 00 00 00
WBASE FF 00 00 24
WOFST 00 00 00 04
GPA 00 00 00 00
GPB 00 00 00 00
GPC 00 00 00 00
GPD 00 00 00 00
GPE 00 00 00 00
GPF 00 00 00 00
GPG 00 00 00 00
GPH 00 00 00 00
COMPA 00 00 00 00
COMPB 00 00 00 00
LINK 00 00 00 00
SKIP 00 00 00 70
RTRN 00 00 00 72

#33
FLAG 00 00 00 00
EXE 00 00 00 00
PC 00 00 00 6E
ALUM 00 00 00 00
ALUA 00 00 00 00
ALUB 00 00 00 00
ALUR 00 00 00 00
FPUM 00 00 00 00
FPUA 00 00 00 00
FPUB 00 00 00 00
FPUR 00 00 00 00
RBASE 00 00 00 00
ROFST 00 00 00 00
WBASE FF 00 00 24
WOFST 00 00 00 08
GPA 00 00 00 00
GPB 00 00 00 00
GPC 00 00 00 00
GPD 00 00 00 00
GPE 00 00 00 00
GPF 00 00 00 00
GPG 00 00 00 00
GPH 00 00 00 00
COMPA 00 00 00 00
COMPB 00 00 00 00
LINK 00 00 00 00
SKIP 00 00 00 72
RTRN 00 00 00 74

#34
FLAG 00 00 00 00
EXE 00 00 00 00
PC 00 00 00 70
ALUM 00 00 00 00
ALUA 00 00 00 00
ALUB 00 00 00 00
ALUR 00 00 00 00
FPUM 00 00 00 00
FPUA 00 00 00 00
FPUB 00 00 00 00
FPUR 00 00 00 00
RBASE 00 00 00 00
ROFST 00 00 00 00
WBASE FF 00 00 24
WOFST 00 00 00 08
GPA 00 00 00 00
GPB 00 00 00 00
GPC 00 00 00 00
GPD 00 00 00 00
GPE 00 00 00 00
GPF 00 00 00 00
GPG 00 00 00 00
GPH 00 00 00 00
COMPA 00 00 00 00
COMPB 00 00 00 00
LINK 00 00 00 00
SKIP 00 00 00 74
RTRN 00 00 00 76

#35
FLAG 00 00 00 00
EXE 00 00 00 00
PC 00 00 00 72
ALUM 00 00 00 00
ALUA 00 00 00 00
ALUB 00 00 00 00
ALUR 00 00 00 00
FPUM 00 00 00 00
FPUA 00 00 00 00
FPUB 00 00 00 00
FPUR 00 00 00 00
RBASE 00 00 00 00
ROFST 00 00 00 00
WBASE FF 00 00 24
WOFST 00 00 00 0C
GPA 00 00 00 00
GPB 00 00 00 00
GPC 00 00 00 00
GPD 00 00 00 00
GPE 00 00 00 00
GPF 00 00 00 00
GPG 00 00 00 00
GPH 00 00 00 00
COMPA 00 00 00 00
COMPB 00 00 00 00
LINK 00 00 00 00
SKIP 00 00 00 76
RTRN 00 00 00 78

#36
FLAG 00 00 00 00
EXE 00 00 00 00
PC 00 00 00 74
ALUM 00 00 00 00
ALUA 00 00 00 00
ALUB 00 00 00 00
ALUR 00 00 00 00
FPUM 00 00 00 00
FPUA 00 00 00 00
FPUB 00 00 00 00
FPUR 00 00 00 00
RBASE 00 00 00 00
ROFST 00 00 00 00
WBASE FF 00 00 24
WOFST 00 00 00 0C
GPA 00 00 00 00
GPB 00 00 00 00
GPC 00 00 00 00
GPD 00 00 00 00
GPE 00 00 00 00
GPF 00 00 00 00
GPG 00 00 00 00
GPH 00 00 00 00
COMPA 00 00 00 00
COMPB 00 00 00 00
LINK 00 00 00 00
SKIP 00 00 00 78
RTRN 00 00 00 7A

#37
FLAG 00 00 00 00
EXE 00 00 00 00
PC 00 00 00 76
ALUM 00 00 00 00
ALUA 00 00 00 00
ALUB 00 00 00 00
ALUR 00 00 00 00
FPUM 00 00 00 00
FPUA 00 00 00 00
FPUB 00 00 00 00
FPUR 00 00 00 00
RBASE 00 00 00 00
ROFST 00 00 00 00
WBASE FF 00 00 24
WOFST 00 00 00 0C
GPA 00 00 00 00
GPB 00 00 00 00
GPC 00 00 00 00
GPD 00 00 00 00
GPE 00 00 00 00
GPF 00 00 00 00
GPG 00 00 00 00
GPH 00 00 00 00
COMPA 00 00 00 00
COMPB 00 00 00 00
LINK 00 00 00 00
SKIP 00 00 00 7A
RTRN 00 00 00 7C

#38
FLAG 00 00 00 00
EXE 00 00 00 00
PC 00 00 00 7C
ALUM 00 00 00 00
ALUA 00 00 00 00
ALUB 00 00 00 00
ALUR 00 00 00 00
FPUM 00 00 00 00
FPUA 00 00 00 00
FPUB 00 00 00 00
FPUR 00 00 00 00
RBASE 00 00 00 00
ROFST 00 00 00 00
WBASE FF 00 00 24
WOFST 00 00 00 0C
GPA 00 00 00 00
GPB 00 00 00 00
GPC 00 00 00 00
GPD 00 00 00 00
GPE 00 00 00 00
GPF 00 00 00 00
GPG 00 00 00 00
GPH 00 00 00 00
COMPA 00 00 00 00
COMPB 00 00 00 00
LINK 00 00 00 00
SKIP 00 00 00 7C
RTRN 00 00 00 7E

#39
FLAG 00 00 00 00
EXE 00 00 00 00
PC 00 00 00 7E
ALUM 00 00 00 00
ALUA 00 00 00 00
ALUB 00 00 00 00
ALUR 00 00 00 00
FPUM 00 00 00 00
FPUA 00 00 00 00
FPUB 00 00 00 00
FPUR 00 00 00 00
RBASE 00 00 00 00
ROFST 00 00 00 00
WBASE FF 00 00 24
WOFST 00 00 00 00
GPA 00 00 00 00
GPB 00 00 00 00
GPC 00 00 00 00
GPD 00 00 00 00
GPE 00 00 00 00
GPF 00 00 00 00
GPG 00 00 00 00
GPH 00 00 00 00
COMPA 00 00 00 00
COMPB 00 00 00 00
LINK 00 00 00 00
SKIP 00 00 00 82
RTRN 00 00 00 84

#40
FLAG 00 00 00 00
EXE 00 00 00 00
PC 00 00 00 80
ALUM 00 00 00 00
ALUA 00 00 00 00
ALUB 00 00 00 00
ALUR 00 00 00 00
FPUM 00 00 00 00
FPUA 00 00 00 00
FPUB 00 00 00 00
FPUR 00 00 00 00
RBASE 00 00 00 00
ROFST 00 00 00 00
WBASE FF 00 00 24
WOFST 00 00 00 00
GPA 00 00 00 00
GPB 00 00 00 00
GPC 00 00 00 00
GPD 00 00 00 00
GPE 00 00 00 00
GPF 00 00 00 00
GPG 00 00 00 00
GPH 00 00 00 00
COMPA 00 00 00 00
COMPB 00 00 00 00
LINK 00 00 00 00
SKIP 00 00 00 84
RTRN 00 00 00 86

#41
FLAG 00 00 00 00
EXE 00 00 00 00
PC 00 00 00 82
ALUM 00 00 00 00
ALUA 00 00 00 00
ALUB 00 00 00 00
ALUR 00 00 00 00
FPUM 00 00 00 00
FPUA 00 00 00 00
FPUB 00 00 00 00
FPUR 00 00 00 00
RBASE 00 00 00 00
ROFST 00 00 00 00
WBASE FF 00 00 24
WOFST 00 00 00 04
GPA 00 00 00 00
GPB 00 00 00 00
GPC 00 00 00 00
GPD 00 00 00 00
GPE 00 00 00 00
GPF 00 00 00 00
GPG 00 00 00 00
GPH 00 00 00 00
COMPA 00 00 00 00
COMPB 00 00 00 00
LINK 00 00 00 00
SKIP 00 00 00 86
RTRN 00 00 00 88

#42
FLAG 00 00 00 00
EXE 00 00 00 00
PC 00 00 00 84
ALUM 00 00 00 00
ALUA 00 00 00 00
ALUB 00 00 00 00
ALUR 00 00 00 00
FPUM 00 00 00 00
FPUA 00 00 00 00
FPUB 00 00 00 00
FPUR 00 00 00 00
RBASE 00 00 00 00
ROFST 00 00 00 00
WBASE FF 00 00 24
WOFST 00 00 00 04
GPA 00 00 00 00
GPB 00 00 00 00
GPC 00 00 00 00
GPD 00 00 00 00
GPE 00 00 00 00
GPF 00 00 00 00
GPG 00 00 00 00
GPH 00 00 00 00
COMPA 00 00 00 00
COMPB 00 00 00 00
LINK 00 00 00 00
SKIP 00 00 00 88
RTRN 00 00 00 8A

#43
FLAG 00 00 00 00
EXE 00 00 00 00
PC 00 00 00 86
ALUM 00 00 00 00
ALUA 00 00 00 00
ALUB 00 00 00 00
ALUR 00 00 00 00
FPUM 00 00 00 00
FPUA 00 00 00 00
FPUB 00 00 00 00
FPUR 00 00 00 00
RBASE 00 00 00 00
ROFST 00 00 00 00
WBASE FF 00 00 24
WOFST 00 00 00 08
GPA 00 00 00 00
GPB 00 00 00 00
GPC 00 00 00 00
GPD 00 00 00 00
GPE 00 00 00 00
GPF 00 00 00 00
GPG 00 00 00 00
GPH 00 00 00 00
COMPA 00 00 00 00
COMPB 00 00 00 00
LINK 00 00 00 00
SKIP 00 00 00 8A
RTRN 00 00 00 8C

#44
FLAG 00 00 00 00
EXE 00 00 00 00
PC 00 00 00 88
ALUM 00 00 00 00
ALUA 00 00 00 00
ALUB 00 00 00 00
ALUR 00 00 00 00
FPUM 00 00 00 00
FPUA 00 00 00 00
FPUB 00 00 00 00
FPUR 00 00 00 00
RBASE 00 00 00 00
ROFST 00 00 00 00
WBASE FF 00 00 24
WOFST 00 00 00 08
GPA 00 00 00 00
GPB 00 00 00 00
GPC 00 00 00 00
GPD 00 00 00 00
GPE 00 00 00 00
GPF 00 00 00 00
GPG 00 00 00 00
GPH 00 00 00 00
COMPA 00 00 00 00
COMPB 00 00 00 00
LINK 00 00 00 00
SKIP 00 00 00 8C
RTRN 00 00 00 8E

#45
FLAG 00 00 00 00
EXE 00 00 00 00
PC 00 00 00 8A
ALUM 00 00 00 00
ALUA 00 00 00 00
ALUB 00 00 00 00
ALUR 00 00 00 00
FPUM 00 00 00 00
FPUA 00 00 00 00
FPUB 00 00 00 00
FPUR 00 00 00 00
RBASE 00 00 00 00
ROFST 00 00 00 00
WBASE FF 00 00 24
WOFST 00 00 00 0C
GPA 00 00 00 00
GPB 00 00 00 00
GPC 00 00 00 00
GPD 00 00 00 00
GPE 00 00 00 00
GPF 00 00 00 00
GPG 00 00 00 00
GPH 00 00 00 00
COMPA 00 00 00 00
COMPB 00 00 00 00
LINK 00 00 00 00
SKIP 00 00 00 8E
RTRN 00 00 00 90

#46
FLAG 00 00 00 00
EXE 00 00 00 00
PC 00 00 00 8C
ALUM 00 00 00 00
ALUA 00 00 00 00
ALUB 00 00 00 00
ALUR 00 00 00 00
FPUM 00 00 00 00
FPUA 00 00 00 00
FPUB 00 00 00 00
FPUR 00 00 00 00
RBASE 00 00 00 00
ROFST 00 00 00 00
WBASE FF 00 00 24
WOFST 00 00 00 0C
GPA 00 00 00 00
GPB 00 00 00 00
GPC 00 00 00 00
GPD 00 00 00 00
GPE 00 00 00 00
GPF 00 00 00 00
GPG 00 00 00 00
GPH 00 00 00 00
COMPA 00 00 00 00
COMPB 00 00 00 00
LINK 00 00 00 00
SKIP 00 00 00 90
RTRN 00 00 00 92

#47
FLAG 00 00 00 00
EXE 00 00 00 00
PC 00 00 00 8E
ALUM 00 00 00 00
ALUA 00 00 00 00
ALUB 00 00 00 00
ALUR 00 00 00 00
FPUM 00 00 00 00
FPUA 00 00 00 00
FPUB 00 00 00 00
FPUR 00 00 00 00
RBASE 00 00 00 AC
ROFST 00 00 00 00
WBASE FF 00 00 24
WOFST 00 00 00 0C
GPA 00 00 00 00
GPB 00 00 00 00
GPC 00 00 00 00
GPD 00 00 00 00
GPE 00 00 00 00
GPF 00 00 00 00
GPG 00 00 00 00
GPH 00 00 00 00
COMPA 00 00 00 00
COMPB 00 00 00 00
LINK 00 00 00 00
SKIP 00 00 00 92
RTRN 00 00 00 94

#48
FLAG 00 00 00 00
EXE 00 00 00 00
PC 00 00 00 94
ALUM 00 00 00 00
ALUA 00 00 00 00
ALUB 00 00 00 00
ALUR 00 00 00 00
FPUM 00 00 00 00
FPUA 00 00 00 00
FPUB 00 00 00 00
FPUR 00 00 00 00
RBASE 00 00 00 AC
ROFST 00 00 00 00
WBASE FF 00 00 24
WOFST 00 00 00 0C
GPA 00 00 00 00
GPB 00 00 00 00
GPC 00 00 00 00
GPD 00 00 00 00
GPE 00 00 00 00
GPF 00 00 00 00
GPG 00 00 00 00
GPH 00 00 00 00
COMPA 00 00 00 00
COMPB 00 00 00 00
LINK 00 00 00 00
SKIP 00 00 00 94
RTRN 00 00 00 96

#49
FLAG 00 00 00 00
EXE 00 00 00 00
PC 00 00 00 96
ALUM 00 00 00 00
ALUA 00 00 00 00
ALUB 00 00 00 00
ALUR 00 00 00 00
FPUM 00 00 00 00
FPUA 00 00 00 00
FPUB 00 00 00 00
FPUR 00 00 00 00
RBASE 00 00 00 AC
ROFST 00 00 00 00
WBASE FF 00 00 00
WOFST 00 00 00 0C
GPA 00 00 00 00
GPB 00 00 00 00
GPC 00 00 00 00
GPD 00 00 00 00
GPE 00 00 00 00
GPF 00 00 00 00
GPG 00 00 00 00
GPH 00 00 00 00
COMPA 00 00 00 00
COMPB 00 00 00 00
LINK 00 00 00 00
SKIP 00 00 00 9A
RTRN 00 00 00 9C

#50
FLAG 00 00 00 00
EXE 00 00 00 00
PC 00 00 00 98
ALUM 00 00 00 00
ALUA 00 00 00 00
ALUB 00 00 00 00
ALUR 00 00 00 00
FPUM 00 00 00 00
FPUA 00 00 00 00
FPUB 00 00 00 00
FPUR 00 00 00 00
RBASE 00 00 00 AC
ROFST 00 00 00 00
WBASE FF 00 00 00
WOFST 00 00 00 00
GPA 00 00 00 00
GPB 00 00 00 00
GPC 00 00 00 00
GPD 00 00 00 00
GPE 00 00 00 00
GPF 00 00 00 00
GPG 00 00 00 00
GPH 00 00 00 00
COMPA 00 00 00 00
COMPB 00 00 00 00
LINK 00 00 00 00
SKIP 00 00 00 9C
RTRN 00 00 00 9E

#51
FLAG 00 00 00 00
EXE 00 00 00 00
PC 00 00 00 9A
ALUM 00 00 00 00
ALUA 00 00 00 00
ALUB 00 00 00 00
ALUR 00 00 00 00
FPUM 00 00 00 00
FPUA 00 00 00 00
FPUB 00 00 00 00
FPUR 00 00 00 00
RBASE 00 00 00 AC
ROFST 00 00 00 00
WBASE FF 00 00 00
WOFST 00 00 00 00
GPA 00 00 00 00
GPB 00 00 00 00
GPC 00 00 00 00
GPD 00 00 00 00
GPE 00 00 00 00
GPF 00 00 00 00
GPG 00 00 00 00
GPH 00 00 00 00
COMPA 00 00 00 00
COMPB 00 00 00 00
LINK 00 00 00 00
SKIP 00 00 00 9E
RTRN 00 00 00 A0

#52
FLAG 00 00 00 00
EXE 00 00 00 00
PC 00 00 00 9C
ALUM 00 00 00 00
ALUA 00 00 00 00
ALUB 00 00 00 00
ALUR 00 00 00 00
FPUM 00 00 00 00
FPUA 00 00 00 00
FPUB 00 00 00 00
FPUR 00 00 00 00
RBASE 00 00 00 AC
ROFST 00 00 00 00
WBASE FF 00 00 00
WOFST 00 00 00 04
GPA 00 00 00 00
GPB 00 00 00 00
GPC 00 00 00 00
GPD 00 00 00 00
GPE 00 00 00 00
GPF 00 00 00 00
GPG 00 00 00 00
GPH 00 00 00 00
COMPA 00 00 00 00
COMPB 00 00 00 00
LINK 00 00 00 00
SKIP 00 00 00 A0
RTRN 00 00 00 A2

#53
FLAG 00 00 00 00
EXE 00 00 00 00
PC 00 00 00 9E
ALUM 00 00 00 00
ALUA 00 00 00 00
ALUB 00 00 00 00
ALUR 00 00 00 00
FPUM 00 00 00 00
FPUA 00 00 00 00
FPUB 00 00 00 00
FPUR 00 00 00 00
RBASE 00 00 00 AC
ROFST 00 00 00 00
WBASE FF 00 00 00
WOFST 00 00 00 04
GPA 00 00 00 00
GPB 00 00 00 00
GPC 00 00 00 00
GPD 00 00 00 00
GPE 00 00 00 00
GPF 00 00 00 00
GPG 00 00 00 00
GPH 00 00 00 00
COMPA 00 00 00 00
COMPB 00 00 00 00
LINK 00 00 00 00
SKIP 00 00 00 A2
RTRN 00 00 00 A4

#54
FLAG 00 00 00 00
EXE 00 00 00 00
PC 00 00 00 A0
ALUM 00 00 00 00
ALUA 00 00 00 00
ALUB 00 00 00 00
ALUR 00 00 00 00
FPUM 00 00 00 00
FPUA 00 00 00 00
FPUB 00 00 00 00
FPUR 00 00 00 00
RBASE 00 00 00 AC
ROFST 00 00 00 00
WBASE FF 00 00 00
WOFST 00 00 00 04
GPA 00 00 00 00
GPB 00 00 00 00
GPC 00 00 00 00
GPD 00 00 00 00
GPE 00 00 00 00
GPF 00 00 00 00
GPG 00 00 00 00
GPH 00 00 00 00
COMPA 00 00 00 00
COMPB 00 00 00 00
LINK 00 00 00 00
SKIP 00 00 00 A4
RTRN 00 00 00 A6

#55
FLAG 00 00 00 00
EXE 00 00 00 00
PC 00 00 00 A6
ALUM 00 00 00 00
ALUA 00 00 00 00
ALUB 00 00 00 00
ALUR 00 00 00 00
FPUM 00 00 00 00
FPUA 00 00 00 00
FPUB 00 00 00 00
FPUR 00 00 00 00
RBASE 00 00 00 AC
ROFST 00 00 00 00
WBASE FF 00 00 00
WOFST 00 00 00 04
GPA 00 00 00 00
GPB 00 00 00 00
GPC 00 00 00 00
GPD 00 00 00 00
GPE 00 00 00 00
GPF 00 00 00 00
GPG 00 00 00 00
GPH 00 00 00 00
COMPA 00 00 00 00
COMPB 00 00 00 00
LINK 00 00 00 00
SKIP 00 00 00 A6
RTRN 00 00 00 A8

#56
FLAG 00 00 00 00
EXE 00 00 00 00
PC 00 00 00 A8
ALUM 00 00 00 00
ALUA 00 00 00 00
ALUB 00 00 00 00
ALUR 00 00 00 00
FPUM 00 00 00 00
FPUA 00 00 00 00
FPUB 00 00 00 00
FPUR 00 00 00 00
RBASE 00 00 00 AC
ROFST 00 00 00 00
WBASE FF 00 00 00
WOFST 00 00 00 04
GPA 00 00 00 00
GPB 00 00 00 00
GPC 00 00 00 00
GPD 00 00 00 00
GPE 00 00 00 00
GPF 00 00 00 00
GPG 00 00 00 00
GPH 00 00 00 00
COMPA 00 00 00 00
COMPB 00 00 00 00
LINK 00 00 00 00
SKIP 00 00 00 AC
RTRN 00 00 00 AE

#57
FLAG 00 00 00 00
EXE 00 00 00 00
PC 00 00 00 AA
ALUM 00 00 00 00
ALUA 00 00 00 00
ALUB 00 00 00 00
ALUR 00 00 00 00
FPUM 00 00 00 00
FPUA 00 00 00 00
FPUB 00 00 00 00
FPUR 00 00 00 00
RBASE 00 00 00 AC
ROFST 00 00 00 00
WBASE FF 00 00 00
WOFST 00 00 00 18
GPA 00 00 00 00
GPB 00 00 00 00
GPC 00 00 00 00
GPD 00 00 00 00
GPE 00 00 00 00
GPF 00 00 00 00
GPG 00 00 00 00
GPH 00 00 00 00
COMPA 00 00 00 00
COMPB 00 00 00 00
LINK 00 00 00 00
SKIP 00 00 00 AE
RTRN 00 00 00 B0

#58
FLAG 00 00 00 00
EXE 00 00 00 00
PC 00 00 00 00
ALUM 00 00 00 00
ALUA 00 00 00 00
ALUB 00 00 00 00
ALUR 00 00 00 00
FPUM 00 00 00 00
FPUA 00 00 00 00
FPUB 00 00 00 00
FPUR 00 00 00 00
RBASE 00 00 00 AC
ROFST 00 00 00 00
WBASE FF 00 00 00
WOFST 00 00 00 18
GPA 00 00 00 00
GPB 00 00 00 00
GPC 00 00 00 00
GPD 00 00 00 00
GPE 00 00 00 00
GPF 00 00 00 00
GPG 00 00 00 00
GPH 00 00 00 00
COMPA 00 00 00 00
COMPB 00 00 00 00
LINK 00 00 00 00
SKIP 00 00 00 B0
RTRN 00 00 00 B2

#59
FLAG 00 00 00 00
EXE 00 00 00 00
PC 00 00 00 02
ALUM 00 00 00 00
ALUA 00 00 00 00
ALUB 00 00 00 00
ALUR 00 00 00 00
FPUM 00 00 00 00
FPUA 00 00 00 00
FPUB 00 00 00 00
FPUR 00 00 00 00
RBASE 00 00 00 AC
ROFST 00 00 00 00
WBASE FF 00 00 00
WOFST 00 00 00 18
GPA 00 00 00 00
GPB 00 00 00 00
GPC 00 00 00 00
GPD 00 00 00 00
GPE 00 00 00 00
GPF 00 00 00 00
GPG 00 00 00 00
GPH 00 00 00 00
COMPA 00 00 00 00
COMPB 00 00 00 00
LINK 00 00 00 00
SKIP 00 00 00 06
RTRN 00 00 00 08

#60
FLAG 00 00 00 00
EXE 00 00 00 00
PC 00 00 00 04
ALUM 00 00 00 00
ALUA 00 00 00 00
ALUB 00 00 00 00
ALUR 00 00 00 00
FPUM 00 00 00 00
FPUA 00 00 00 00
FPUB 00 00 00 00
FPUR 00 00 00 00
RBASE 00 00 00 AC
ROFST 00 00 00 00
WBASE FF 00 00 00
WOFST 00 00 00 18
GPA 00 00 00 00
GPB 00 00 00 00
GPC 00 00 00 00
GPD 00 00 00 00
GPE 00 00 00 00
GPF 00 00 00 00
GPG 00 00 00 00
GPH 00 00 00 00
COMPA 00 00 00 00
COMPB 00 00 00 00
LINK 00 00 00 00
SKIP 00 00 00 08
RTRN 00 00 00 0A

#61
FLAG 00 00 00 00
EXE 00 00 00 00
PC 00 00 00 06
ALUM 00 00 00 00
ALUA 00 00 00 00
ALUB 00 00 00 00
ALUR 00 00 00 00
FPUM 00 00 00 00
FPUA 00 00 00 00
FPUB 00 00 00 00
FPUR 00 00 00 00
RBASE 00 00 00 AC
ROFST 00 00 00 00
WBASE FF 00 00 00
WOFST 00 00 00 18
GPA 00 00 00 00
GPB 00 00 00 00
GPC 00 00 00 00
GPD 00 00 00 00
GPE 00 00 00 00
GPF 00 00 00 00
GPG 00 00 00 00
GPH 00 00 00 00
COMPA 00 00 00 00
COMPB 00 00 00 00
LINK 00 00 00 00
SKIP 00 00 00 0A
RTRN 00 00 00 0C

#62
FLAG 00 00 00 00
EXE 00 00 00 00
PC 00 00 00 08
ALUM 00 00 00 00
ALUA 00 00 00 00
ALUB 00 00 00 00
ALUR 00 00 00 00
FPUM 00 00 00 00
FPUA 00 00 00 00
FPUB 00 00 00 00
FPUR 00 00 00 00
RBASE 00 A0 00 00
ROFST 00 00 00 00
WBASE FF 00 00 00
WOFST 00 00 00 18
GPA 00 00 00 00
GPB 00 00 00 00
GPC 00 00 00 00
GPD 00 00 00 00
GPE 00 00 00 00
GPF 00 00 00 00
GPG 00 00 00 00
GPH 00 00 00 00
COMPA 00 00 00 00
COMPB 00 00 00 00
LINK 00 00 00 00
SKIP 00 00 00 0C
RTRN 00 00 00 0E

#63
FLAG 00 00 00 00
EXE 00 00 00 00
PC 00 00 00 0E
ALUM 00 00 00 00
ALUA 00 00 00 00
ALUB 00 00 00 00
ALUR 00 00 00 00
FPUM 00 00 00 00
FPUA 00 00 00 00
FPUB 00 00 00 00
FPUR 00 00 00 00
RBASE 00 A0 00 00
ROFST 00 00 00 00
WBASE FF 00 00 00
WOFST 00 00 00 18
GPA 00 00 00 00
GPB 00 00 00 00
GPC 00 00 00 00
GPD 00 00 00 00
GPE 00 00 00 00
GPF 00 00 00 00
GPG 00 00 00 00
GPH 00 00 00 00
COMPA 00 00 00 00
COMPB 00 00 00 00
LINK 00 00 00 00
SKIP 00 00 00 0E
RTRN 00 00 00 10

#64
FLAG 00 00 00 00
EXE 00 00 00 00
PC 00 00 00 10
ALUM 00 00 00 00
ALUA 00 00 00 00
ALUB 00 00 00 00
ALUR 00 00 00 00
FPUM 00 00 00 00
FPUA 00 00 00 00
FPUB 00 00 00 00
FPUR 00 00 00 00
RBASE 00 A0 00 00
ROFST 00 00 00 00
WBASE FF 00 00 00
WOFST 00 00 00 18
GPA 00 00 00 00
GPB 00 00 00 00
GPC 00 00 00 00
GPD 00 00 00 00
GPE 00 00 00 00
GPF 00 00 00 00
GPG 00 00 00 00
GPH 00 00 00 00
COMPA 00 00 00 00
COMPB 00 00 00 00
LINK 00 00 00 00
SKIP 00 00 00 14
RTRN 00 00 00 16

#65
FLAG 00 00 00 00
EXE 00 00 00 00
PC 00 00 00 12
ALUM 00 00 00 00
ALUA 00 00 00 00
ALUB 00 00 00 00
ALUR 00 00 00 00
FPUM 00 00 00 00
FPUA 00 00 00 00
FPUB 00 00 00 00
FPUR 00 00 00 00
RBASE 00 A0 00 00
ROFST 00 00 00 00
WBASE FF 00 00 00
WOFST 00 00 00 18
GPA 00 00 00 00
GPB 00 00 00 00
GPC 00 00 00 00
GPD 00 00 00 00
GPE 00 00 00 00
GPF 00 00 00 00
GPG 00 00 00 00
GPH 00 00 00 00
COMPA 00 00 00 00
COMPB 00 00 00 00
LINK 00 00 00 00
SKIP 00 00 00 16
RTRN 00 00 00 18

#66
FLAG D8 00 00 01
EXE 00 00 00 00
PC 00 00 06 02
ALUM 00 00 00 00
ALUA 00 00 00 00
ALUB 00 00 00 00
ALUR 00 00 00 00
FPUM 00 00 00 00
FPUA 00 00 00 00
FPUB 00 00 00 00
FPUR 00 00 00 00
RBASE 00 00 10 00
ROFST 00 00 00 00
WBASE FF 00 00 00
WOFST 00 00 00 18
GPA 00 00 00 00
GPB 00 00 00 00
GPC 00 00 00 00
GPD 00 00 00 00
GPE 00 00 00 00
GPF 00 00 00 00
GPG 00 00 00 00
GPH 00 00 00 00
COMPA 00 00 00 00
COMPB 00 00 00 00
LINK 00 00 00 00
SKIP 00 00 06 06
RTRN 00 00 06 08

#67
FLAG D8 00 00 01
EXE 00 00 00 00
PC 00 00 06 08
ALUM 00 00 00 00
ALUA 00 00 00 00
ALUB 00 00 00 00
ALUR 00 00 00 00
FPUM 00 00 00 00
FPUA 00 00 00 00
FPUB 00 00 00 00
FPUR 00 00 00 00
RBASE 00 00 10 00
ROFST 00 00 00 00
WBASE FF 00 00 00
WOFST 00 00 00 18
GPA 00 00 00 00
GPB 00 00 00 00
GPC 00 00 00 00
GPD 00 00 00 00
GPE 00 00 00 00
GPF 00 00 00 00
GPG 00 00 00 00
GPH 00 00 00 00
COMPA 00 00 00 00
COMPB 00 00 00 00
LINK 00 00 00 00
SKIP 00 00 06 08
RTRN 00 00 06 0A

#68
FLAG D8 00 00 01
EXE 00 00 00 00
PC 00 00 06 0A
ALUM 00 00 00 00
ALUA 00 00 00 00
ALUB 00 00 00 00
ALUR 00 00 00 00
FPUM 00 00 00 00
FPUA 00 00 00 00
FPUB 00 00 00 00
FPUR 00 00 00 00
RBASE 00 00 10 00
ROFST 00 00 00 20
WBASE FF 00 00 00
WOFST 00 00 00 18
GPA 00 00 00 00
GPB 00 00 00 00
GPC 00 00 00 00
GPD 00 00 00 00
GPE 00 00 00 00
GPF 00 00 00 00
GPG 00 00 00 00
GPH 00 00 00 00
COMPA 00 00 00 00
COMPB 00 00 00 00
LINK 00 00 00 00
SKIP 00 00 06 0E
RTRN 00 00 06 10

#69
FLAG D8 00 00 01
EXE 00 00 00 00
PC 00 00 06 0C
ALUM 00 00 00 00
ALUA 00 00 00 00
ALUB 00 00 00 00
ALUR 00 00 00 00
FPUM 00 00 00 00
FPUA 00 00 00 00
FPUB 00 00 00 00
FPUR 00 00 00 00
RBASE 00 00 10 00
ROFST 00 00 00 20
WBASE FF 00 00 00
WOFST 00 00 00 18
GPA 00 00 00 01
GPB 00 00 00 00
GPC 00 00 00 00
GPD 00 00 00 00
GPE 00 00 00 00
GPF 00 00 00 00
GPG 00 00 00 00
GPH 00 00 00 00
COMPA 00 00 00 00
COMPB 00 00 00 00
LINK 00 00 00 00
SKIP 00 00 06 10
RTRN 00 00 06 12

