#0
FLAG 00 00 00 00
EXE 00 00 00 00
PC 00 00 00 00
ALUM 00 00 00 00
ALUA 00 00 00 00
ALUB 00 00 00 00
ALUR 00 00 00 00
FPUM 00 00 00 00
FPUA 00 00 00 00
FPUB 00 00 00 00
FPUR 00 00 00 00
RBASE 00 00 00 00
ROFST 00 00 00 00
WBASE 00 00 00 00
WOFST 00 00 00 00
GPA 00 00 00 00
GPB 00 00 00 00
GPC 00 00 00 00
GPD 00 00 00 00
GPE 00 00 00 00
GPF 00 00 00 00
GPG 00 00 00 00
GPH 00 00 00 00
COMPA 00 00 00 00
COMPB 00 00 00 00
LINK 00 00 00 00
SKIP 00 00 00 04
RTRN 00 00 00 06

#1
FLAG 00 00 00 00
EXE 00 00 00 00
PC 00 00 00 02
ALUM 00 00 00 00
ALUA 00 00 00 00
ALUB 00 00 00 00
ALUR 00 00 00 00
FPUM 00 00 00 00
FPUA 00 00 00 00
FPUB 00 00 00 00
FPUR 00 00 00 00
RBASE 00 00 00 00
ROFST 00 00 00 12
WBASE 00 00 00 00
WOFST 00 00 00 00
GPA 00 00 00 00
GPB 00 00 00 00
GPC 00 00 00 00
GPD 00 00 00 00
GPE 00 00 00 00
GPF 00 00 00 00
GPG 00 00 00 00
GPH 00 00 00 00
COMPA 00 00 00 00
COMPB 00 00 00 00
LINK 00 00 00 00
SKIP 00 00 00 06
RTRN 00 00 00 08

#2
FLAG 00 00 00 00
EXE 00 00 00 00
PC 00 00 00 04
ALUM 00 00 00 00
ALUA 00 00 00 00
ALUB 00 00 00 00
ALUR 00 00 00 00
FPUM 00 00 00 00
FPUA C1 AD 99 9A
FPUB 00 00 00 00
FPUR 00 00 00 00
RBASE 00 00 00 00
ROFST 00 00 00 12
WBASE 00 00 00 00
WOFST 00 00 00 00
GPA 00 00 00 00
GPB 00 00 00 00
GPC 00 00 00 00
GPD 00 00 00 00
GPE 00 00 00 00
GPF 00 00 00 00
GPG 00 00 00 00
GPH 00 00 00 00
COMPA 00 00 00 00
COMPB 00 00 00 00
LINK 00 00 00 00
SKIP 00 00 00 08
RTRN 00 00 00 0A

#3
FLAG 00 00 00 00
EXE 00 00 00 00
PC 00 00 00 06
ALUM 00 00 00 00
ALUA 00 00 00 00
ALUB 00 00 00 00
ALUR 00 00 00 00
FPUM 00 00 00 02
FPUA C1 AD 99 9A
FPUB 00 00 00 00
FPUR 00 00 00 00
RBASE 00 00 00 00
ROFST 00 00 00 12
WBASE 00 00 00 00
WOFST 00 00 00 00
GPA 00 00 00 00
GPB 00 00 00 00
GPC 00 00 00 00
GPD 00 00 00 00
GPE 00 00 00 00
GPF 00 00 00 00
GPG 00 00 00 00
GPH 00 00 00 00
COMPA 00 00 00 00
COMPB 00 00 00 00
LINK 00 00 00 00
SKIP 00 00 00 0A
RTRN 00 00 00 0C

#4
FLAG 00 00 00 00
EXE 00 00 00 00
PC 00 00 00 08
ALUM 00 00 00 00
ALUA 00 00 00 00
ALUB 00 00 00 00
ALUR 00 00 00 00
FPUM 00 00 00 02
FPUA C1 AD 99 9A
FPUB 00 00 00 00
FPUR 80 00 00 00
RBASE 00 00 00 00
ROFST 00 00 00 12
WBASE 00 00 00 00
WOFST 00 00 00 16
GPA 00 00 00 00
GPB 00 00 00 00
GPC 00 00 00 00
GPD 00 00 00 00
GPE 00 00 00 00
GPF 00 00 00 00
GPG 00 00 00 00
GPH 00 00 00 00
COMPA 00 00 00 00
COMPB 00 00 00 00
LINK 00 00 00 00
SKIP 00 00 00 0C
RTRN 00 00 00 0E

#5
FLAG 00 00 00 00
EXE 00 00 00 00
PC 00 00 00 0A
ALUM 00 00 00 00
ALUA 00 00 00 00
ALUB 00 00 00 00
ALUR 00 00 00 00
FPUM 00 00 00 02
FPUA C1 AD 99 9A
FPUB 42 01 99 9A
FPUR 80 00 00 00
RBASE 00 00 00 00
ROFST 00 00 00 12
WBASE 00 00 00 00
WOFST 00 00 00 16
GPA 00 00 00 00
GPB 00 00 00 00
GPC 00 00 00 00
GPD 00 00 00 00
GPE 00 00 00 00
GPF 00 00 00 00
GPG 00 00 00 00
GPH 00 00 00 00
COMPA 00 00 00 00
COMPB 00 00 00 00
LINK 00 00 00 00
SKIP 00 00 00 0E
RTRN 00 00 00 10

