#0
FLAG 00 00 00 00
EXE 00 00 00 00
PC 00 00 00 00
ALUM 00 00 00 00
ALUA 00 00 00 00
ALUB 00 00 00 00
ALUR 00 00 00 00
FPUM 00 00 00 00
FPUA 00 00 00 00
FPUB 00 00 00 00
FPUR 00 00 00 00
RBASE 00 00 00 00
ROFST 00 00 00 00
WBASE 00 00 00 00
WOFST 00 00 00 00
GPA 00 00 00 00
GPB 00 00 00 00
GPC 00 00 00 00
GPD 00 00 00 00
GPE 00 00 00 00
GPF 00 00 00 00
GPG 00 00 00 00
GPH 00 00 00 00
COMPA 00 00 00 00
COMPB 00 00 00 00
LINK 00 00 00 00
SKIP 00 00 00 04
RTRN 00 00 00 06

#1
FLAG 00 00 00 00
EXE 00 00 00 00
PC 00 00 00 02
ALUM 00 00 00 01
ALUA 00 00 00 00
ALUB 00 00 00 00
ALUR 00 00 00 00
FPUM 00 00 00 00
FPUA 00 00 00 00
FPUB 00 00 00 00
FPUR 00 00 00 00
RBASE 00 00 00 00
ROFST 00 00 00 00
WBASE 00 00 00 00
WOFST 00 00 00 00
GPA 00 00 00 00
GPB 00 00 00 00
GPC 00 00 00 00
GPD 00 00 00 00
GPE 00 00 00 00
GPF 00 00 00 00
GPG 00 00 00 00
GPH 00 00 00 00
COMPA 00 00 00 00
COMPB 00 00 00 00
LINK 00 00 00 00
SKIP 00 00 00 06
RTRN 00 00 00 08

#2
FLAG 00 00 00 00
EXE 00 00 00 00
PC 00 00 00 04
ALUM 00 00 00 01
ALUA 00 00 00 00
ALUB 00 00 00 04
ALUR 00 00 00 00
FPUM 00 00 00 00
FPUA 00 00 00 00
FPUB 00 00 00 00
FPUR 00 00 00 00
RBASE 00 00 00 00
ROFST 00 00 00 00
WBASE 00 00 00 00
WOFST 00 00 00 00
GPA 00 00 00 00
GPB 00 00 00 00
GPC 00 00 00 00
GPD 00 00 00 00
GPE 00 00 00 00
GPF 00 00 00 00
GPG 00 00 00 00
GPH 00 00 00 00
COMPA 00 00 00 00
COMPB 00 00 00 00
LINK 00 00 00 00
SKIP 00 00 00 08
RTRN 00 00 00 0A

#3
FLAG 00 00 00 00
EXE 00 00 00 00
PC 00 00 00 06
ALUM 00 00 00 01
ALUA 00 00 00 06
ALUB 00 00 00 04
ALUR 00 00 00 04
FPUM 00 00 00 00
FPUA 00 00 00 00
FPUB 00 00 00 00
FPUR 00 00 00 00
RBASE 00 00 00 00
ROFST 00 00 00 00
WBASE 00 00 00 00
WOFST 00 00 00 00
GPA 00 00 00 00
GPB 00 00 00 00
GPC 00 00 00 00
GPD 00 00 00 00
GPE 00 00 00 00
GPF 00 00 00 00
GPG 00 00 00 00
GPH 00 00 00 00
COMPA 00 00 00 00
COMPB 00 00 00 00
LINK 00 00 00 00
SKIP 00 00 00 0A
RTRN 00 00 00 0C

#4
FLAG 00 00 00 00
EXE 00 00 00 00
PC 00 00 00 08
ALUM 00 00 00 01
ALUA 00 00 00 06
ALUB 00 00 00 04
ALUR 00 00 00 0A
FPUM 00 00 00 00
FPUA 00 00 00 00
FPUB 00 00 00 00
FPUR 00 00 00 00
RBASE 00 00 00 0A
ROFST 00 00 00 00
WBASE 00 00 00 00
WOFST 00 00 00 00
GPA 00 00 00 00
GPB 00 00 00 00
GPC 00 00 00 00
GPD 00 00 00 00
GPE 00 00 00 00
GPF 00 00 00 00
GPG 00 00 00 00
GPH 00 00 00 00
COMPA 00 00 00 00
COMPB 00 00 00 00
LINK 00 00 00 00
SKIP 00 00 00 0C
RTRN 00 00 00 0E

#5
FLAG 00 00 00 00
EXE 00 00 00 00
PC 00 00 00 1E
ALUM 00 00 00 01
ALUA 00 00 00 06
ALUB 00 00 00 04
ALUR 00 00 00 0A
FPUM 00 00 00 00
FPUA 00 00 00 00
FPUB 00 00 00 00
FPUR 00 00 00 00
RBASE 00 00 00 0A
ROFST 00 00 00 00
WBASE 00 00 00 00
WOFST 00 00 00 00
GPA 00 00 00 00
GPB 00 00 00 00
GPC 00 00 00 00
GPD 00 00 00 00
GPE 00 00 00 00
GPF 00 00 00 00
GPG 00 00 00 00
GPH 00 00 00 00
COMPA 00 00 00 00
COMPB 00 00 00 00
LINK 00 00 00 00
SKIP 00 00 00 0E
RTRN 00 00 00 10

#6
FLAG 00 00 00 00
EXE 00 00 00 00
PC 00 00 00 20
ALUM 00 00 00 01
ALUA 00 00 00 06
ALUB 00 00 00 04
ALUR 00 00 00 0A
FPUM 00 00 00 00
FPUA 00 00 00 00
FPUB 00 00 00 00
FPUR 00 00 00 00
RBASE 00 00 00 0A
ROFST 00 00 00 00
WBASE 00 00 00 00
WOFST 00 00 00 00
GPA 00 00 00 0A
GPB 00 00 00 00
GPC 00 00 00 00
GPD 00 00 00 00
GPE 00 00 00 00
GPF 00 00 00 00
GPG 00 00 00 00
GPH 00 00 00 00
COMPA 00 00 00 00
COMPB 00 00 00 00
LINK 00 00 00 00
SKIP 00 00 00 24
RTRN 00 00 00 26

